MPLINK 5.09, LINKER
Linker Map File - Created Wed Mar 20 21:31:13 2019

                                 Section Info
                  Section       Type    Address   Location Size(Bytes)
                ---------  ---------  ---------  ---------  ---------
                 RES_VECT       code   0x000000    program   0x000002
                   .cinit    romdata   0x000001    program   0x000004
                      ISR       code   0x000004    program   0x00012e
                MAIN_PROG       code   0x00009b    program   0x0000be
.config_2007_BUILD/DEFAULT/PRODUCTION/MAIN0.O       code   0x002007    program   0x000002



                              Program Memory Usage 
                               Start         End      
                           ---------   ---------      
                            0x000000    0x000002      
                            0x000004    0x0000f9      
                            0x002007    0x002007      
            250 out of 1158 program addresses used, program memory utilization is 21%



                              Symbols - Sorted by Name
                     Name    Address   Location    Storage File                     
                ---------  ---------  ---------  --------- ---------                
                     BAUD   0x000005    program     static /home/killtutor/MPLABXProjects/digitalesPro.X/main0.asm
               BIENVENIDA   0x0000e7    program     static /home/killtutor/MPLABXProjects/digitalesPro.X/main0.asm
              BIENVENIDA2   0x0000f2    program     static /home/killtutor/MPLABXProjects/digitalesPro.X/main0.asm
                  ESPERAD   0x0000b5    program     static /home/killtutor/MPLABXProjects/digitalesPro.X/main0.asm
                  ESPERAI   0x0000a8    program     static /home/killtutor/MPLABXProjects/digitalesPro.X/main0.asm
                    FOUR0   0x000084    program     static /home/killtutor/MPLABXProjects/digitalesPro.X/main0.asm
                    FOUR1   0x000086    program     static /home/killtutor/MPLABXProjects/digitalesPro.X/main0.asm
                 GUERCOME   0x00009b    program     static /home/killtutor/MPLABXProjects/digitalesPro.X/main0.asm
                 HALFBAUD   0x000009    program     static /home/killtutor/MPLABXProjects/digitalesPro.X/main0.asm
                INTERRUPT   0x00005f    program     static /home/killtutor/MPLABXProjects/digitalesPro.X/main0.asm
                  INTLIST   0x00008b    program     static /home/killtutor/MPLABXProjects/digitalesPro.X/main0.asm
                    LISTO   0x00006e    program     static /home/killtutor/MPLABXProjects/digitalesPro.X/main0.asm
                      ONE   0x000076    program     static /home/killtutor/MPLABXProjects/digitalesPro.X/main0.asm
                      RE0   0x000024    program     static /home/killtutor/MPLABXProjects/digitalesPro.X/main0.asm
                     RE0D   0x000038    program     static /home/killtutor/MPLABXProjects/digitalesPro.X/main0.asm
                      RE1   0x00002c    program     static /home/killtutor/MPLABXProjects/digitalesPro.X/main0.asm
                     RE1D   0x000040    program     static /home/killtutor/MPLABXProjects/digitalesPro.X/main0.asm
                  RECEIVE   0x000021    program     static /home/killtutor/MPLABXProjects/digitalesPro.X/main0.asm
                 RECEIVED   0x000038    program     static /home/killtutor/MPLABXProjects/digitalesPro.X/main0.asm
                       S1   0x000051    program     static /home/killtutor/MPLABXProjects/digitalesPro.X/main0.asm
                     SEND   0x00004a    program     static /home/killtutor/MPLABXProjects/digitalesPro.X/main0.asm
                    START   0x0000c2    program     static /home/killtutor/MPLABXProjects/digitalesPro.X/main0.asm
                    T0INT   0x00001b    program     static /home/killtutor/MPLABXProjects/digitalesPro.X/main0.asm
                    T1INT   0x00000e    program     static /home/killtutor/MPLABXProjects/digitalesPro.X/main0.asm
                     TREE   0x000081    program     static /home/killtutor/MPLABXProjects/digitalesPro.X/main0.asm
                      TWO   0x00007b    program     static /home/killtutor/MPLABXProjects/digitalesPro.X/main0.asm
          _MAIN_PROG_005E   0x0000f9    program     static /home/killtutor/MPLABXProjects/digitalesPro.X/main0.asm
                    baud1   0x000007    program     static /home/killtutor/MPLABXProjects/digitalesPro.X/main0.asm
                   hbaud1   0x00000b    program     static /home/killtutor/MPLABXProjects/digitalesPro.X/main0.asm



                              Symbols - Sorted by Address
                     Name    Address   Location    Storage File                     
                ---------  ---------  ---------  --------- ---------                
                     BAUD   0x000005    program     static /home/killtutor/MPLABXProjects/digitalesPro.X/main0.asm
                    baud1   0x000007    program     static /home/killtutor/MPLABXProjects/digitalesPro.X/main0.asm
                 HALFBAUD   0x000009    program     static /home/killtutor/MPLABXProjects/digitalesPro.X/main0.asm
                   hbaud1   0x00000b    program     static /home/killtutor/MPLABXProjects/digitalesPro.X/main0.asm
                    T1INT   0x00000e    program     static /home/killtutor/MPLABXProjects/digitalesPro.X/main0.asm
                    T0INT   0x00001b    program     static /home/killtutor/MPLABXProjects/digitalesPro.X/main0.asm
                  RECEIVE   0x000021    program     static /home/killtutor/MPLABXProjects/digitalesPro.X/main0.asm
                      RE0   0x000024    program     static /home/killtutor/MPLABXProjects/digitalesPro.X/main0.asm
                      RE1   0x00002c    program     static /home/killtutor/MPLABXProjects/digitalesPro.X/main0.asm
                     RE0D   0x000038    program     static /home/killtutor/MPLABXProjects/digitalesPro.X/main0.asm
                 RECEIVED   0x000038    program     static /home/killtutor/MPLABXProjects/digitalesPro.X/main0.asm
                     RE1D   0x000040    program     static /home/killtutor/MPLABXProjects/digitalesPro.X/main0.asm
                     SEND   0x00004a    program     static /home/killtutor/MPLABXProjects/digitalesPro.X/main0.asm
                       S1   0x000051    program     static /home/killtutor/MPLABXProjects/digitalesPro.X/main0.asm
                INTERRUPT   0x00005f    program     static /home/killtutor/MPLABXProjects/digitalesPro.X/main0.asm
                    LISTO   0x00006e    program     static /home/killtutor/MPLABXProjects/digitalesPro.X/main0.asm
                      ONE   0x000076    program     static /home/killtutor/MPLABXProjects/digitalesPro.X/main0.asm
                      TWO   0x00007b    program     static /home/killtutor/MPLABXProjects/digitalesPro.X/main0.asm
                     TREE   0x000081    program     static /home/killtutor/MPLABXProjects/digitalesPro.X/main0.asm
                    FOUR0   0x000084    program     static /home/killtutor/MPLABXProjects/digitalesPro.X/main0.asm
                    FOUR1   0x000086    program     static /home/killtutor/MPLABXProjects/digitalesPro.X/main0.asm
                  INTLIST   0x00008b    program     static /home/killtutor/MPLABXProjects/digitalesPro.X/main0.asm
                 GUERCOME   0x00009b    program     static /home/killtutor/MPLABXProjects/digitalesPro.X/main0.asm
                  ESPERAI   0x0000a8    program     static /home/killtutor/MPLABXProjects/digitalesPro.X/main0.asm
                  ESPERAD   0x0000b5    program     static /home/killtutor/MPLABXProjects/digitalesPro.X/main0.asm
                    START   0x0000c2    program     static /home/killtutor/MPLABXProjects/digitalesPro.X/main0.asm
               BIENVENIDA   0x0000e7    program     static /home/killtutor/MPLABXProjects/digitalesPro.X/main0.asm
              BIENVENIDA2   0x0000f2    program     static /home/killtutor/MPLABXProjects/digitalesPro.X/main0.asm
          _MAIN_PROG_005E   0x0000f9    program     static /home/killtutor/MPLABXProjects/digitalesPro.X/main0.asm


